Running compilation in directory "/home/runner/work/heta-compiler/heta-compiler/fcts-run/node_modules/@hetalang/format-conversion-test-suite"...

No declaration file, running with defaults...

[info]	Heta compiler v0.13.0-beta.0 is initialized for the platform "undefined"
[info]	Reading module of type "heta" from file "results/l3v1/01453/input.heta"...
[info]	Reading module of type "sbml" from file "cases/semantic/01453/01453-sbml-l3v1.xml"...
[error]	A_sr1 component does not exist which is not allowed for the "update" action.
[error]	A_sr2 component does not exist which is not allowed for the "update" action.
[error]	B_sr1 component does not exist which is not allowed for the "update" action.
[error]	B_sr2 component does not exist which is not allowed for the "update" action.
[error]	A_sr1 component does not exist which is not allowed for the "update" action.
[error]	A_sr2 component does not exist which is not allowed for the "update" action.
[error]	B_sr1 component does not exist which is not allowed for the "update" action.
[error]	B_sr2 component does not exist which is not allowed for the "update" action.
[info]	Platform hash: 19ee4686d49a5529cd9b7b31e266b247342c05e8a10765479786d2c165aba00c
[info]	Setting references in elements, total length 101
[error]	rate_A_sr1 Property "actors[0].target" has lost reference "A_sr1".
[error]	rate_A_sr2 Property "actors[0].target" has lost reference "A_sr2".
[error]	rate_B_sr1 Property "actors[0].target" has lost reference "B_sr1".
[error]	rate_B_sr2 Property "actors[0].target" has lost reference "B_sr2".
[info]	Checking for circular references in Records.
[warn]	Units checking and export were skipped because of errors in compilation.
Compilation ERROR! See logs.

