Running compilation in directory "/home/runner/work/heta-compiler/heta-compiler/fcts-run/node_modules/@hetalang/format-conversion-test-suite"...

No declaration file, running with defaults...

[info]	Heta compiler v0.13.0-beta.1 is initialized for the platform "undefined"
[info]	Reading module of type "heta" from file "results/l3v1/01561/input.heta"...
[info]	Reading module of type "sbml" from file "cases/semantic/01561/01561-sbml-l3v1.xml"...
[info]	SBML identifiers converted: 0 renamed, 0 created.
[error]	S0_stoich component does not exist which is not allowed for the "update" action.
[error]	S1_stoich component does not exist which is not allowed for the "update" action.
[error]	S2_stoich component does not exist which is not allowed for the "update" action.
[error]	S3_stoich component does not exist which is not allowed for the "update" action.
[error]	S4_stoich component does not exist which is not allowed for the "update" action.
[error]	S5_stoich component does not exist which is not allowed for the "update" action.
[error]	S6_stoich component does not exist which is not allowed for the "update" action.
[error]	S7_stoich component does not exist which is not allowed for the "update" action.
[error]	S8_stoich component does not exist which is not allowed for the "update" action.
[error]	S9_stoich component does not exist which is not allowed for the "update" action.
[error]	S10_stoich component does not exist which is not allowed for the "update" action.
[error]	S11_stoich component does not exist which is not allowed for the "update" action.
[error]	S12_stoich component does not exist which is not allowed for the "update" action.
[error]	S13_stoich component does not exist which is not allowed for the "update" action.
[error]	S14_stoich component does not exist which is not allowed for the "update" action.
[error]	S15_stoich component does not exist which is not allowed for the "update" action.
[error]	S16_stoich component does not exist which is not allowed for the "update" action.
[error]	S17_stoich component does not exist which is not allowed for the "update" action.
[error]	S18_stoich component does not exist which is not allowed for the "update" action.
[error]	S19_stoich component does not exist which is not allowed for the "update" action.
[error]	S20_stoich component does not exist which is not allowed for the "update" action.
[error]	S21_stoich component does not exist which is not allowed for the "update" action.
[error]	S22_stoich component does not exist which is not allowed for the "update" action.
[error]	S23_stoich component does not exist which is not allowed for the "update" action.
[error]	S24_stoich component does not exist which is not allowed for the "update" action.
[error]	S25_stoich component does not exist which is not allowed for the "update" action.
[error]	S26_stoich component does not exist which is not allowed for the "update" action.
[error]	S27_stoich component does not exist which is not allowed for the "update" action.
[error]	S28_stoich component does not exist which is not allowed for the "update" action.
[error]	S29_stoich component does not exist which is not allowed for the "update" action.
[error]	S30_stoich component does not exist which is not allowed for the "update" action.
[error]	S31_stoich component does not exist which is not allowed for the "update" action.
[error]	S32_stoich component does not exist which is not allowed for the "update" action.
[error]	S33_stoich component does not exist which is not allowed for the "update" action.
[error]	S34_stoich component does not exist which is not allowed for the "update" action.
[error]	S35_stoich component does not exist which is not allowed for the "update" action.
[error]	S36_stoich component does not exist which is not allowed for the "update" action.
[error]	S37_stoich component does not exist which is not allowed for the "update" action.
[error]	S38_stoich component does not exist which is not allowed for the "update" action.
[error]	S39_stoich component does not exist which is not allowed for the "update" action.
[error]	S40_stoich component does not exist which is not allowed for the "update" action.
[error]	S41_stoich component does not exist which is not allowed for the "update" action.
[error]	S42_stoich component does not exist which is not allowed for the "update" action.
[error]	S43_stoich component does not exist which is not allowed for the "update" action.
[error]	S44_stoich component does not exist which is not allowed for the "update" action.
[error]	S45_stoich component does not exist which is not allowed for the "update" action.
[error]	S46_stoich component does not exist which is not allowed for the "update" action.
[error]	S47_stoich component does not exist which is not allowed for the "update" action.
[error]	S48_stoich component does not exist which is not allowed for the "update" action.
[error]	S49_stoich component does not exist which is not allowed for the "update" action.
[error]	S50_stoich component does not exist which is not allowed for the "update" action.
[error]	S51_stoich component does not exist which is not allowed for the "update" action.
[info]	Platform hash: d7c9629b9eb29dbde2c1b6d32c2c933da14bef1c02cf20669ab270772a1a9112
[info]	Setting references in elements, total length 198
[info]	Checking for circular references in Records.
[warn]	Units checking and export were skipped because of errors in compilation.
Compilation ERROR! See logs.

