Running compilation in directory "/home/runner/work/heta-compiler/heta-compiler/fcts-run/node_modules/@hetalang/format-conversion-test-suite"...

No declaration file, running with defaults...

[info]	Heta compiler v0.12.1 is initialized for the platform "undefined"
[info]	Reading module of type "heta" from file "results/l3v2/01290/input.heta"...
[info]	Reading module of type "sbml" from file "cases/semantic/01290/01290-sbml-l3v2.xml"...
[error]	Function math "implies" should be a numeric expression.
[error]	Record assignments "undefined::p1_proc" should be a numeric expression.
[error]	Record assignments "undefined::p2_proc" should be a numeric expression.
[info]	Platform hash: d48c9ab5a1bf5bf24e1eb162a53b7870b0d4fd6e1441a444ef69b44dada2c60a
[info]	Setting references in elements, total length 96

 +-------------------------------------------------------------------+ 
 | Internal "Heta compiler" error, contact the developers.           | 
 | Create an issue: https://github.com/hetalang/heta-compiler/issues | 
 | or mail to: dev@insysbio.com                                      | 
 +-------------------------------------------------------------------+ 


TypeError: Cannot read properties of undefined (reading 'length')
    at /home/runner/work/heta-compiler/heta-compiler/src/core/function-def.js:119:65
    at Array.forEach (<anonymous>)
    at Container.classes.FunctionDef.bind (/home/runner/work/heta-compiler/heta-compiler/src/core/function-def.js:107:31)
    at /home/runner/work/heta-compiler/heta-compiler/src/container/main.js:188:48
    at Map.forEach (<anonymous>)
    at Container.knitMany (/home/runner/work/heta-compiler/heta-compiler/src/container/main.js:188:29)
    at Builder.run (/home/runner/work/heta-compiler/heta-compiler/src/builder/index.js:158:22)
    at main (/home/runner/work/heta-compiler/heta-compiler/bin/heta-build.js:135:5)
    at Object.<anonymous> (/home/runner/work/heta-compiler/heta-compiler/bin/heta-build.js:168:3)
    at Module._compile (node:internal/modules/cjs/loader:1929:14)
