Running compilation in directory "/home/runner/work/heta-compiler/heta-compiler/fcts-run/node_modules/@hetalang/format-conversion-test-suite"...

No declaration file, running with defaults...

[info]	Heta compiler v0.12.1 is initialized for the platform "undefined"
[info]	Reading module of type "heta" from file "results/l3v1/00978/input.heta"...
[info]	Reading module of type "sbml" from file "cases/semantic/00978/00978-sbml-l3v1.xml"...
[error]	_E0 id should be string of type ID, but have "_E0"
	- {"id":"_E0","aux":{},"class":"DSwitcher","trigger":"t >=  0.99 "}
[error]	multitrig Some of properties do not satisfy requirements for class "Record"
    1. /assignments must match pattern "^[a-zA-Z][a-zA-Z0-9_]*$"
    2. /assignments property name must be valid
[error]	_E1 id should be string of type ID, but have "_E1"
	- {"id":"_E1","aux":{},"class":"DSwitcher","trigger":"t >=  0.99 "}
[error]	multitrig Some of properties do not satisfy requirements for class "Record"
    1. /assignments must match pattern "^[a-zA-Z][a-zA-Z0-9_]*$"
    2. /assignments property name must be valid
[error]	_E2 id should be string of type ID, but have "_E2"
	- {"id":"_E2","aux":{},"class":"DSwitcher","trigger":"t >=  0.99 "}
[error]	multitrig Some of properties do not satisfy requirements for class "Record"
    1. /assignments must match pattern "^[a-zA-Z][a-zA-Z0-9_]*$"
    2. /assignments property name must be valid
[error]	_E3 id should be string of type ID, but have "_E3"
	- {"id":"_E3","aux":{},"class":"DSwitcher","trigger":"t >=  0.99 "}
[error]	multitrig Some of properties do not satisfy requirements for class "Record"
    1. /assignments must match pattern "^[a-zA-Z][a-zA-Z0-9_]*$"
    2. /assignments property name must be valid
[error]	_E4 id should be string of type ID, but have "_E4"
	- {"id":"_E4","aux":{},"class":"DSwitcher","trigger":"t >=  0.99 "}
[error]	multitrig Some of properties do not satisfy requirements for class "Record"
    1. /assignments must match pattern "^[a-zA-Z][a-zA-Z0-9_]*$"
    2. /assignments property name must be valid
[error]	_E5 id should be string of type ID, but have "_E5"
	- {"id":"_E5","aux":{},"class":"DSwitcher","trigger":"t >=  0.99 "}
[error]	multitrig Some of properties do not satisfy requirements for class "Record"
    1. /assignments must match pattern "^[a-zA-Z][a-zA-Z0-9_]*$"
    2. /assignments property name must be valid
[error]	_E6 id should be string of type ID, but have "_E6"
	- {"id":"_E6","aux":{},"class":"DSwitcher","trigger":"t >=  0.99 "}
[error]	multitrig Some of properties do not satisfy requirements for class "Record"
    1. /assignments must match pattern "^[a-zA-Z][a-zA-Z0-9_]*$"
    2. /assignments property name must be valid
[error]	_E7 id should be string of type ID, but have "_E7"
	- {"id":"_E7","aux":{},"class":"DSwitcher","trigger":"t >=  0.99 "}
[error]	multitrig Some of properties do not satisfy requirements for class "Record"
    1. /assignments must match pattern "^[a-zA-Z][a-zA-Z0-9_]*$"
    2. /assignments property name must be valid
[error]	_E8 id should be string of type ID, but have "_E8"
	- {"id":"_E8","aux":{},"class":"DSwitcher","trigger":"t >=  0.99 "}
[error]	multitrig Some of properties do not satisfy requirements for class "Record"
    1. /assignments must match pattern "^[a-zA-Z][a-zA-Z0-9_]*$"
    2. /assignments property name must be valid
[error]	_E9 id should be string of type ID, but have "_E9"
	- {"id":"_E9","aux":{},"class":"DSwitcher","trigger":" multitrig  >  1 "}
[error]	x Some of properties do not satisfy requirements for class "Record"
    1. /assignments must match pattern "^[a-zA-Z][a-zA-Z0-9_]*$"
    2. /assignments property name must be valid
[error]	_E10 id should be string of type ID, but have "_E10"
	- {"id":"_E10","aux":{},"class":"DSwitcher","trigger":" multitrig  >  1 "}
[error]	y Some of properties do not satisfy requirements for class "Record"
    1. /assignments must match pattern "^[a-zA-Z][a-zA-Z0-9_]*$"
    2. /assignments property name must be valid
[error]	_E11 id should be string of type ID, but have "_E11"
	- {"id":"_E11","aux":{},"class":"DSwitcher","trigger":" multitrig  >  1 "}
[error]	z Some of properties do not satisfy requirements for class "Record"
    1. /assignments must match pattern "^[a-zA-Z][a-zA-Z0-9_]*$"
    2. /assignments property name must be valid
[info]	Platform hash: c68fd7b08553be6e1ba12eac5885d372505450f3c24f3750587654da92f0a9e0
[info]	Setting references in elements, total length 97
[info]	Checking for circular references in Records.
[warn]	Units checking and export were skipped because of errors in compilation.
Compilation ERROR! See logs.

