Running compilation in directory "/home/runner/work/heta-compiler/heta-compiler/fcts-run/node_modules/@hetalang/format-conversion-test-suite"...

No declaration file, running with defaults...

[info]	Heta compiler v0.12.1 is initialized for the platform "undefined"
[info]	Reading module of type "heta" from file "results/l3v1/00966/input.heta"...
[info]	Reading module of type "sbml" from file "cases/semantic/00966/00966-sbml-l3v1.xml"...
[error]	_E0 id should be string of type ID, but have "_E0"
	- {"id":"_E0","aux":{},"class":"DSwitcher","trigger":" assemble  >=  1  and  chitest  ==  0 "}
[error]	chi0 Some of properties do not satisfy requirements for class "Record"
    1. /assignments must match pattern "^[a-zA-Z][a-zA-Z0-9_]*$"
    2. /assignments property name must be valid
[error]	_E1 id should be string of type ID, but have "_E1"
	- {"id":"_E1","aux":{},"class":"DSwitcher","trigger":" assemble  >=  1  and  chitest  ==  1 "}
[error]	chi1 Some of properties do not satisfy requirements for class "Record"
    1. /assignments must match pattern "^[a-zA-Z][a-zA-Z0-9_]*$"
    2. /assignments property name must be valid
[error]	_E2 id should be string of type ID, but have "_E2"
	- {"id":"_E2","aux":{},"class":"DSwitcher","trigger":" assemble  >=  1  and  chitest  ==  2 "}
[error]	chi2 Some of properties do not satisfy requirements for class "Record"
    1. /assignments must match pattern "^[a-zA-Z][a-zA-Z0-9_]*$"
    2. /assignments property name must be valid
[error]	_E3 id should be string of type ID, but have "_E3"
	- {"id":"_E3","aux":{},"class":"DSwitcher","trigger":" assemble  >=  1  and  chitest  ==  3 "}
[error]	chi3 Some of properties do not satisfy requirements for class "Record"
    1. /assignments must match pattern "^[a-zA-Z][a-zA-Z0-9_]*$"
    2. /assignments property name must be valid
[error]	_E4 id should be string of type ID, but have "_E4"
	- {"id":"_E4","aux":{},"class":"DSwitcher","trigger":" assemble  >=  1  and  chitest  ==  4 "}
[error]	chi4 Some of properties do not satisfy requirements for class "Record"
    1. /assignments must match pattern "^[a-zA-Z][a-zA-Z0-9_]*$"
    2. /assignments property name must be valid
[error]	_E5 id should be string of type ID, but have "_E5"
	- {"id":"_E5","aux":{},"class":"DSwitcher","trigger":" assemble  >=  1  and  chitest  ==  5 "}
[error]	chi5 Some of properties do not satisfy requirements for class "Record"
    1. /assignments must match pattern "^[a-zA-Z][a-zA-Z0-9_]*$"
    2. /assignments property name must be valid
[error]	_E6 id should be string of type ID, but have "_E6"
	- {"id":"_E6","aux":{},"class":"DSwitcher","trigger":" assemble  >=  1  and  chitest  ==  6 "}
[error]	chi6 Some of properties do not satisfy requirements for class "Record"
    1. /assignments must match pattern "^[a-zA-Z][a-zA-Z0-9_]*$"
    2. /assignments property name must be valid
[error]	_E7 id should be string of type ID, but have "_E7"
	- {"id":"_E7","aux":{},"class":"DSwitcher","trigger":" assemble  >=  1  and  chitest  ==  7 "}
[error]	chi7 Some of properties do not satisfy requirements for class "Record"
    1. /assignments must match pattern "^[a-zA-Z][a-zA-Z0-9_]*$"
    2. /assignments property name must be valid
[error]	_E8 id should be string of type ID, but have "_E8"
	- {"id":"_E8","aux":{},"class":"DSwitcher","trigger":" assemble  >=  1  and  chitest  ==  8 "}
[error]	chi8 Some of properties do not satisfy requirements for class "Record"
    1. /assignments must match pattern "^[a-zA-Z][a-zA-Z0-9_]*$"
    2. /assignments property name must be valid
[error]	_E9 id should be string of type ID, but have "_E9"
	- {"id":"_E9","aux":{},"class":"DSwitcher","trigger":" assemble  >=  1  and  chitest  ==  9 "}
[error]	chi9 Some of properties do not satisfy requirements for class "Record"
    1. /assignments must match pattern "^[a-zA-Z][a-zA-Z0-9_]*$"
    2. /assignments property name must be valid
[error]	_E10 id should be string of type ID, but have "_E10"
	- {"id":"_E10","aux":{},"class":"DSwitcher","trigger":" assemble  >=  1  and  chitest  ==  10 "}
[error]	chi10 Some of properties do not satisfy requirements for class "Record"
    1. /assignments must match pattern "^[a-zA-Z][a-zA-Z0-9_]*$"
    2. /assignments property name must be valid
[error]	_E11 id should be string of type ID, but have "_E11"
	- {"id":"_E11","aux":{},"class":"DSwitcher","trigger":" assemble  >=  1  and  chitest  ==  11 "}
[error]	chi11 Some of properties do not satisfy requirements for class "Record"
    1. /assignments must match pattern "^[a-zA-Z][a-zA-Z0-9_]*$"
    2. /assignments property name must be valid
[error]	_E12 id should be string of type ID, but have "_E12"
	- {"id":"_E12","aux":{},"class":"DSwitcher","trigger":" assemble  >=  1  and  chitest  ==  12 "}
[error]	chi12 Some of properties do not satisfy requirements for class "Record"
    1. /assignments must match pattern "^[a-zA-Z][a-zA-Z0-9_]*$"
    2. /assignments property name must be valid
[error]	_E13 id should be string of type ID, but have "_E13"
	- {"id":"_E13","aux":{},"class":"DSwitcher","trigger":" assemble  >=  1  and  chitest  ==  13 "}
[error]	chi13 Some of properties do not satisfy requirements for class "Record"
    1. /assignments must match pattern "^[a-zA-Z][a-zA-Z0-9_]*$"
    2. /assignments property name must be valid
[error]	_E14 id should be string of type ID, but have "_E14"
	- {"id":"_E14","aux":{},"class":"DSwitcher","trigger":" assemble  >=  1  and  chitest  ==  14 "}
[error]	chi14 Some of properties do not satisfy requirements for class "Record"
    1. /assignments must match pattern "^[a-zA-Z][a-zA-Z0-9_]*$"
    2. /assignments property name must be valid
[error]	_E15 id should be string of type ID, but have "_E15"
	- {"id":"_E15","aux":{},"class":"DSwitcher","trigger":" assemble  >=  1  and  chitest  ==  15 "}
[error]	chi15 Some of properties do not satisfy requirements for class "Record"
    1. /assignments must match pattern "^[a-zA-Z][a-zA-Z0-9_]*$"
    2. /assignments property name must be valid
[error]	_E16 id should be string of type ID, but have "_E16"
	- {"id":"_E16","aux":{},"class":"DSwitcher","trigger":" assemble  >=  1  and  chitest  ==  16 "}
[error]	chi16 Some of properties do not satisfy requirements for class "Record"
    1. /assignments must match pattern "^[a-zA-Z][a-zA-Z0-9_]*$"
    2. /assignments property name must be valid
[error]	_E17 id should be string of type ID, but have "_E17"
	- {"id":"_E17","aux":{},"class":"DSwitcher","trigger":" assemble  >=  1 "}
[error]	tests Some of properties do not satisfy requirements for class "Record"
    1. /assignments must match pattern "^[a-zA-Z][a-zA-Z0-9_]*$"
    2. /assignments property name must be valid
[error]	chitest Some of properties do not satisfy requirements for class "Record"
    1. /assignments must match pattern "^[a-zA-Z][a-zA-Z0-9_]*$"
    2. /assignments property name must be valid
[error]	assemble Some of properties do not satisfy requirements for class "Record"
    1. /assignments must match pattern "^[a-zA-Z][a-zA-Z0-9_]*$"
    2. /assignments property name must be valid
[error]	_E18 id should be string of type ID, but have "_E18"
	- {"id":"_E18","aux":{},"class":"DSwitcher","trigger":" tests  >=  6240  and  finalchi  ==  0 "}
[error]	finalchi Some of properties do not satisfy requirements for class "Record"
    1. /assignments must match pattern "^[a-zA-Z][a-zA-Z0-9_]*$"
    2. /assignments property name must be valid
[info]	Platform hash: 8a4db997817552af23edf4430a49f0f55535c427195ebada0bf1488255078854
[info]	Setting references in elements, total length 125
[info]	Checking for circular references in Records.
[warn]	Units checking and export were skipped because of errors in compilation.
Compilation ERROR! See logs.

