Running compilation in directory "/home/runner/work/heta-compiler/heta-compiler/fcts-run/node_modules/@hetalang/format-conversion-test-suite"...

No declaration file, running with defaults...

[info]	Heta compiler v0.12.1 is initialized for the platform "undefined"
[info]	Reading module of type "heta" from file "results/l3v2/01452/input.heta"...
[info]	Reading module of type "sbml" from file "cases/semantic/01452/01452-sbml-l3v2.xml"...
[error]	Function math "implies" should be a numeric expression.
[error]	A_sr1 component does not exist which is not allowed for the "update" action.
[error]	A_sr2 component does not exist which is not allowed for the "update" action.
[error]	B_sr1 component does not exist which is not allowed for the "update" action.
[error]	B_sr2 component does not exist which is not allowed for the "update" action.
[error]	A_sr1 component does not exist which is not allowed for the "update" action.
[error]	A_sr2 component does not exist which is not allowed for the "update" action.
[error]	B_sr1 component does not exist which is not allowed for the "update" action.
[error]	B_sr2 component does not exist which is not allowed for the "update" action.
[info]	Platform hash: 795836d8b4a8ca1a488fd8f296718e0e812363d6dd062cd569f5d28a4aaedc36
[info]	Setting references in elements, total length 100
[error]	A_sr1_proc Property "actors[0].target" has lost reference "A_sr1".
[error]	A_sr2_proc Property "actors[0].target" has lost reference "A_sr2".
[error]	B_sr1_proc Property "actors[0].target" has lost reference "B_sr1".
[error]	B_sr2_proc Property "actors[0].target" has lost reference "B_sr2".
[info]	Checking for circular references in Records.
[warn]	Units checking and export were skipped because of errors in compilation.
Compilation ERROR! See logs.

