Running compilation in directory "/home/runner/work/heta-compiler/heta-compiler/fcts-run/node_modules/@hetalang/format-conversion-test-suite"...

No declaration file, running with defaults...

[info]	Heta compiler v0.12.1 is initialized for the platform "undefined"
[info]	Reading module of type "heta" from file "results/l3v1/01452/input.heta"...
[info]	Reading module of type "sbml" from file "cases/semantic/01452/01452-sbml-l3v1.xml"...
[error]	A_sr1 component does not exist which is not allowed for the "update" action.
[error]	A_sr2 component does not exist which is not allowed for the "update" action.
[error]	B_sr1 component does not exist which is not allowed for the "update" action.
[error]	B_sr2 component does not exist which is not allowed for the "update" action.
[error]	A_sr1 component does not exist which is not allowed for the "update" action.
[error]	A_sr2 component does not exist which is not allowed for the "update" action.
[error]	B_sr1 component does not exist which is not allowed for the "update" action.
[error]	B_sr2 component does not exist which is not allowed for the "update" action.
[info]	Platform hash: 0fdf748f6821d13c95425adeb3c7db098a265bcb20103cba603740b297407bc3
[info]	Setting references in elements, total length 101
[error]	A_sr1_proc Property "actors[0].target" has lost reference "A_sr1".
[error]	A_sr2_proc Property "actors[0].target" has lost reference "A_sr2".
[error]	B_sr1_proc Property "actors[0].target" has lost reference "B_sr1".
[error]	B_sr2_proc Property "actors[0].target" has lost reference "B_sr2".
[info]	Checking for circular references in Records.
[warn]	Units checking and export were skipped because of errors in compilation.
Compilation ERROR! See logs.

