Running compilation in directory "/home/runner/work/heta-compiler/heta-compiler/fcts-run/node_modules/@hetalang/format-conversion-test-suite"...

No declaration file, running with defaults...

[info]	Heta compiler v0.12.2 is initialized for the platform "undefined"
[info]	Reading module of type "heta" from file "results/l3v1/01608/input.heta"...
[info]	Reading module of type "sbml" from file "cases/semantic/01608/01608-sbml-l3v1.xml"...
[error]	id must not be a reserved word, got "E". Reserved words list: 
	 include, block, namespace, abstract, concrete, begin, end, NaN, Infinity, e, E, pi, PI, null
[error]	fb_inf Some of properties do not satisfy requirements for class "Const"
    1. /num must be number
    2. /num must be null
    3. /num must match exactly one schema in oneOf
[error]	fb_ninf Some of properties do not satisfy requirements for class "Const"
    1. /num must be number
    2. /num must be null
    3. /num must match exactly one schema in oneOf
[info]	Platform hash: 2d88598470478c9d07c80666fa2f5b3a323a799d56f9c7e4cd60a93508bf1d34
[info]	Setting references in elements, total length 143
[error]	Record "R16" is not initialized. You must set "start_" or "ode_" for the record or use abstract namespace.
[error]	Record "R14" is not initialized. You must set "start_" or "ode_" for the record or use abstract namespace.
[error]	Record "R15" is not initialized. You must set "start_" or "ode_" for the record or use abstract namespace.
[error]	Record "R12" is not initialized. You must set "start_" or "ode_" for the record or use abstract namespace.
[error]	R07 Property "actors[1].target" has lost reference "E".
[error]	Record "R07" is not initialized. You must set "start_" or "ode_" for the record or use abstract namespace.
[error]	Record "R13" is not initialized. You must set "start_" or "ode_" for the record or use abstract namespace.
[error]	Record "R01" is not initialized. You must set "start_" or "ode_" for the record or use abstract namespace.
[error]	Record "R17" is not initialized. You must set "start_" or "ode_" for the record or use abstract namespace.
[error]	Record "R03" is not initialized. You must set "start_" or "ode_" for the record or use abstract namespace.
[error]	Record "R02" is not initialized. You must set "start_" or "ode_" for the record or use abstract namespace.
[error]	Record "R05" is not initialized. You must set "start_" or "ode_" for the record or use abstract namespace.
[error]	Record "R04" is not initialized. You must set "start_" or "ode_" for the record or use abstract namespace.
[error]	Record "R10" is not initialized. You must set "start_" or "ode_" for the record or use abstract namespace.
[error]	R06 Property "actors[0].target" has lost reference "E".
[error]	Record "R06" is not initialized. You must set "start_" or "ode_" for the record or use abstract namespace.
[error]	Record "R09" is not initialized. You must set "start_" or "ode_" for the record or use abstract namespace.
[error]	Record "R08" is not initialized. You must set "start_" or "ode_" for the record or use abstract namespace.
[error]	Record "R11" is not initialized. You must set "start_" or "ode_" for the record or use abstract namespace.
[error]	Record "R18" is not initialized. You must set "start_" or "ode_" for the record or use abstract namespace.
[error]	Record "R19" is not initialized. You must set "start_" or "ode_" for the record or use abstract namespace.
[error]	Record "R26" is not initialized. You must set "start_" or "ode_" for the record or use abstract namespace.
[error]	Record "R25" is not initialized. You must set "start_" or "ode_" for the record or use abstract namespace.
[error]	Record "R24" is not initialized. You must set "start_" or "ode_" for the record or use abstract namespace.
[error]	Record "R23" is not initialized. You must set "start_" or "ode_" for the record or use abstract namespace.
[error]	Record "R22" is not initialized. You must set "start_" or "ode_" for the record or use abstract namespace.
[error]	Record "R21" is not initialized. You must set "start_" or "ode_" for the record or use abstract namespace.
[error]	Record "R20" is not initialized. You must set "start_" or "ode_" for the record or use abstract namespace.
[error]	No required "num" property for "fb_inf" of Const.
[error]	No required "num" property for "fb_ninf" of Const.
[info]	Checking for circular references in Records.
[warn]	Units checking and export were skipped because of errors in compilation.
Compilation ERROR! See logs.

