Running compilation in directory "/home/runner/work/heta-compiler/heta-compiler/fcts-run/node_modules/@hetalang/format-conversion-test-suite"...

No declaration file, running with defaults...

[info]	Heta compiler v0.12.2 is initialized for the platform "undefined"
[info]	Reading module of type "heta" from file "results/l3v2/00951/input.heta"...
[info]	Reading module of type "sbml" from file "cases/semantic/00951/00951-sbml-l3v2.xml"...
[error]	Function math "implies" should be a numeric expression.
[error]	P Some of properties do not satisfy requirements for class "Const"
    1. /num must be number
    2. /num must be null
    3. /num must match exactly one schema in oneOf
[error]	Q Some of properties do not satisfy requirements for class "Const"
    1. /num must be number
    2. /num must be null
    3. /num must match exactly one schema in oneOf
[error]	R Some of properties do not satisfy requirements for class "Const"
    1. /num must be number
    2. /num must be null
    3. /num must match exactly one schema in oneOf
[info]	Platform hash: dee692b5878f1c1556a1a1f5faa589c53e0ed619996c783491316048f755af2b
[info]	Setting references in elements, total length 95
[error]	No required "num" property for "P" of Const.
[error]	No required "num" property for "Q" of Const.
[error]	No required "num" property for "R" of Const.
[info]	Checking for circular references in Records.
[warn]	Units checking and export were skipped because of errors in compilation.
Compilation ERROR! See logs.

