Running compilation in directory "/home/runner/work/heta-compiler/heta-compiler/fcts-run/node_modules/@hetalang/format-conversion-test-suite"...

No declaration file, running with defaults...

[info]	Heta compiler v0.12.2 is initialized for the platform "undefined"
[info]	Reading module of type "heta" from file "results/l2v5/01531/input.heta"...
[info]	Reading module of type "sbml" from file "cases/semantic/01531/01531-sbml-l2v5.xml"...
[error]	undefined::E51 Cannot parse MathExpr properly. Value expected (char 11) " trig  > ()"
[error]	undefined::E52 Cannot parse MathExpr properly. Value expected (char 11) " trig  > ()"
[error]	undefined::E53 Cannot parse MathExpr properly. Unexpected end of expression (char 18) " trig  >  0  and "
[error]	undefined::E54 Cannot parse MathExpr properly. Unexpected end of expression (char 22) " trig  >  0  and not "
[error]	undefined::E55 Cannot parse MathExpr properly. Unexpected end of expression (char 22) " trig  >  0  and not "
[info]	Platform hash: 645c73ea00bf87537560bf5d7ffb69b8682d67a9c2b858c6730ac8bb53cbf100
[info]	Setting references in elements, total length 209
[error]	No required "trigger" property for "E51" of DSwitcher.
[error]	No required "trigger" property for "E52" of DSwitcher.
[error]	No required "trigger" property for "E53" of DSwitcher.
[error]	No required "trigger" property for "E54" of DSwitcher.
[error]	No required "trigger" property for "E55" of DSwitcher.
[info]	Checking for circular references in Records.
[warn]	Units checking and export were skipped because of errors in compilation.
Compilation ERROR! See logs.

