Running compilation in directory "/home/runner/work/heta-compiler/heta-compiler/fcts-run/node_modules/@hetalang/format-conversion-test-suite"...

No declaration file, running with defaults...

[info]	Heta compiler v0.12.1 is initialized for the platform "undefined"
[info]	Reading module of type "heta" from file "results/l3v2/00931/input.heta"...
[info]	Reading module of type "sbml" from file "cases/semantic/00931/00931-sbml-l3v2.xml"...
[error]	_E0 id should be string of type ID, but have "_E0"
	- {"id":"_E0","aux":{},"class":"DSwitcher","trigger":"t >=  0.99 "}
[error]	S1 Some of properties do not satisfy requirements for class "Record"
    1. /assignments must match pattern "^[a-zA-Z][a-zA-Z0-9_]*$"
    2. /assignments property name must be valid
[error]	S2 Some of properties do not satisfy requirements for class "Record"
    1. /assignments must match pattern "^[a-zA-Z][a-zA-Z0-9_]*$"
    2. /assignments property name must be valid
[error]	S3 Some of properties do not satisfy requirements for class "Record"
    1. /assignments must match pattern "^[a-zA-Z][a-zA-Z0-9_]*$"
    2. /assignments property name must be valid
[error]	_E1 id should be string of type ID, but have "_E1"
	- {"id":"_E1","aux":{},"class":"DSwitcher","trigger":"t >=  0.99 "}
[error]	S1 Some of properties do not satisfy requirements for class "Record"
    1. /assignments must match pattern "^[a-zA-Z][a-zA-Z0-9_]*$"
    2. /assignments property name must be valid
[error]	S2 Some of properties do not satisfy requirements for class "Record"
    1. /assignments must match pattern "^[a-zA-Z][a-zA-Z0-9_]*$"
    2. /assignments property name must be valid
[error]	S3 Some of properties do not satisfy requirements for class "Record"
    1. /assignments must match pattern "^[a-zA-Z][a-zA-Z0-9_]*$"
    2. /assignments property name must be valid
[info]	Platform hash: 443710bd703e43011294d2c14f4fb3f879e66b2b0d25df8d957ae8c718644825
[info]	Setting references in elements, total length 97
[info]	Checking for circular references in Records.
[warn]	Units checking and export were skipped because of errors in compilation.
Compilation ERROR! See logs.

