Running compilation in directory "/home/runner/work/heta-compiler/heta-compiler/fcts-run/node_modules/@hetalang/format-conversion-test-suite"...

No declaration file, running with defaults...

[info]	Heta compiler v0.12.1 is initialized for the platform "undefined"
[info]	Reading module of type "heta" from file "results/l3v2/01516/input.heta"...
[info]	Reading module of type "sbml" from file "cases/semantic/01516/01516-sbml-l3v2.xml"...
[error]	Function math "implies" should be a numeric expression.
[error]	P2_sr component does not exist which is not allowed for the "update" action.
[error]	P3_sr component does not exist which is not allowed for the "update" action.
[error]	P4_sr component does not exist which is not allowed for the "update" action.
[error]	P5_sr component does not exist which is not allowed for the "update" action.
[error]	P6_sr component does not exist which is not allowed for the "update" action.
[error]	P7_sr component does not exist which is not allowed for the "update" action.
[error]	P8_sr component does not exist which is not allowed for the "update" action.
[error]	P9_sr component does not exist which is not allowed for the "update" action.
[error]	P10_sr component does not exist which is not allowed for the "update" action.
[error]	P11_sr component does not exist which is not allowed for the "update" action.
[error]	P12_sr component does not exist which is not allowed for the "update" action.
[error]	P13_sr component does not exist which is not allowed for the "update" action.
[error]	P14_sr component does not exist which is not allowed for the "update" action.
[error]	P15_sr component does not exist which is not allowed for the "update" action.
[error]	P16_sr component does not exist which is not allowed for the "update" action.
[error]	P17_sr component does not exist which is not allowed for the "update" action.
[error]	P18_sr component does not exist which is not allowed for the "update" action.
[error]	P19_sr component does not exist which is not allowed for the "update" action.
[error]	P20_sr component does not exist which is not allowed for the "update" action.
[error]	P21_sr component does not exist which is not allowed for the "update" action.
[error]	P22_sr component does not exist which is not allowed for the "update" action.
[error]	P23_sr component does not exist which is not allowed for the "update" action.
[error]	P24_sr component does not exist which is not allowed for the "update" action.
[error]	P25_sr component does not exist which is not allowed for the "update" action.
[error]	P26_sr component does not exist which is not allowed for the "update" action.
[error]	P27_sr component does not exist which is not allowed for the "update" action.
[error]	P28_sr component does not exist which is not allowed for the "update" action.
[error]	P29_sr component does not exist which is not allowed for the "update" action.
[error]	P30_sr component does not exist which is not allowed for the "update" action.
[error]	P31_sr component does not exist which is not allowed for the "update" action.
[error]	P32_sr component does not exist which is not allowed for the "update" action.
[error]	P33_sr component does not exist which is not allowed for the "update" action.
[error]	P34_sr component does not exist which is not allowed for the "update" action.
[error]	P35_sr component does not exist which is not allowed for the "update" action.
[error]	P36_sr component does not exist which is not allowed for the "update" action.
[error]	P37_sr component does not exist which is not allowed for the "update" action.
[error]	P38_sr component does not exist which is not allowed for the "update" action.
[error]	P39_sr component does not exist which is not allowed for the "update" action.
[info]	Platform hash: abca765fceeef7cf58f1c2b96c3d7f2b97ff592688755cc50c8d89b4db644e56
[info]	Setting references in elements, total length 132

 +-------------------------------------------------------------------+ 
 | Internal "Heta compiler" error, contact the developers.           | 
 | Create an issue: https://github.com/hetalang/heta-compiler/issues | 
 | or mail to: dev@insysbio.com                                      | 
 +-------------------------------------------------------------------+ 


TypeError: Cannot read properties of undefined (reading 'length')
    at /home/runner/work/heta-compiler/heta-compiler/src/core/function-def.js:119:65
    at Array.forEach (<anonymous>)
    at Container.classes.FunctionDef.bind (/home/runner/work/heta-compiler/heta-compiler/src/core/function-def.js:107:31)
    at /home/runner/work/heta-compiler/heta-compiler/src/container/main.js:188:48
    at Map.forEach (<anonymous>)
    at Container.knitMany (/home/runner/work/heta-compiler/heta-compiler/src/container/main.js:188:29)
    at Builder.run (/home/runner/work/heta-compiler/heta-compiler/src/builder/index.js:158:22)
    at main (/home/runner/work/heta-compiler/heta-compiler/bin/heta-build.js:135:5)
    at Object.<anonymous> (/home/runner/work/heta-compiler/heta-compiler/bin/heta-build.js:168:3)
    at Module._compile (node:internal/modules/cjs/loader:1929:14)
