Running compilation in directory "/home/runner/work/heta-compiler/heta-compiler/fcts-run/node_modules/@hetalang/format-conversion-test-suite"...

No declaration file, running with defaults...

[info]	Heta compiler v0.12.2 is initialized for the platform "undefined"
[info]	Reading module of type "heta" from file "results/l3v2/01453/input.heta"...
[info]	Reading module of type "sbml" from file "cases/semantic/01453/01453-sbml-l3v2.xml"...
[error]	Function math "implies" should be a numeric expression.
[error]	A_sr1 component does not exist which is not allowed for the "update" action.
[error]	A_sr2 component does not exist which is not allowed for the "update" action.
[error]	B_sr1 component does not exist which is not allowed for the "update" action.
[error]	B_sr2 component does not exist which is not allowed for the "update" action.
[error]	A_sr1 component does not exist which is not allowed for the "update" action.
[error]	A_sr2 component does not exist which is not allowed for the "update" action.
[error]	B_sr1 component does not exist which is not allowed for the "update" action.
[error]	B_sr2 component does not exist which is not allowed for the "update" action.
[info]	Platform hash: 1bdb04813cc8d3d62e23cad62ec5f552e003e3d8d87711412e0bafb8f22fd9ca
[info]	Setting references in elements, total length 100
[error]	A_sr1_proc Property "actors[0].target" has lost reference "A_sr1".
[error]	A_sr2_proc Property "actors[0].target" has lost reference "A_sr2".
[error]	B_sr1_proc Property "actors[0].target" has lost reference "B_sr1".
[error]	B_sr2_proc Property "actors[0].target" has lost reference "B_sr2".
[info]	Checking for circular references in Records.
[warn]	Units checking and export were skipped because of errors in compilation.
Compilation ERROR! See logs.

