Running compilation in directory "/home/runner/work/heta-compiler/heta-compiler/fcts-run/node_modules/@hetalang/format-conversion-test-suite"...

No declaration file, running with defaults...

[info]	Heta compiler v0.12.1 is initialized for the platform "undefined"
[info]	Reading module of type "heta" from file "results/l3v2/01561/input.heta"...
[info]	Reading module of type "sbml" from file "cases/semantic/01561/01561-sbml-l3v2.xml"...
[error]	Function math "implies" should be a numeric expression.
[error]	S0_stoich component does not exist which is not allowed for the "update" action.
[error]	S1_stoich component does not exist which is not allowed for the "update" action.
[error]	S2_stoich component does not exist which is not allowed for the "update" action.
[error]	S3_stoich component does not exist which is not allowed for the "update" action.
[error]	S4_stoich component does not exist which is not allowed for the "update" action.
[error]	S5_stoich component does not exist which is not allowed for the "update" action.
[error]	S6_stoich component does not exist which is not allowed for the "update" action.
[error]	S7_stoich component does not exist which is not allowed for the "update" action.
[error]	S8_stoich component does not exist which is not allowed for the "update" action.
[error]	S9_stoich component does not exist which is not allowed for the "update" action.
[error]	S10_stoich component does not exist which is not allowed for the "update" action.
[error]	S11_stoich component does not exist which is not allowed for the "update" action.
[error]	S12_stoich component does not exist which is not allowed for the "update" action.
[error]	S13_stoich component does not exist which is not allowed for the "update" action.
[error]	S14_stoich component does not exist which is not allowed for the "update" action.
[error]	S15_stoich component does not exist which is not allowed for the "update" action.
[error]	S16_stoich component does not exist which is not allowed for the "update" action.
[error]	S17_stoich component does not exist which is not allowed for the "update" action.
[error]	S18_stoich component does not exist which is not allowed for the "update" action.
[error]	S19_stoich component does not exist which is not allowed for the "update" action.
[error]	S20_stoich component does not exist which is not allowed for the "update" action.
[error]	S21_stoich component does not exist which is not allowed for the "update" action.
[error]	S22_stoich component does not exist which is not allowed for the "update" action.
[error]	S23_stoich component does not exist which is not allowed for the "update" action.
[error]	S24_stoich component does not exist which is not allowed for the "update" action.
[error]	S25_stoich component does not exist which is not allowed for the "update" action.
[error]	S26_stoich component does not exist which is not allowed for the "update" action.
[error]	S27_stoich component does not exist which is not allowed for the "update" action.
[error]	S28_stoich component does not exist which is not allowed for the "update" action.
[error]	S29_stoich component does not exist which is not allowed for the "update" action.
[error]	S30_stoich component does not exist which is not allowed for the "update" action.
[error]	S31_stoich component does not exist which is not allowed for the "update" action.
[error]	S32_stoich component does not exist which is not allowed for the "update" action.
[error]	S33_stoich component does not exist which is not allowed for the "update" action.
[error]	S34_stoich component does not exist which is not allowed for the "update" action.
[error]	S35_stoich component does not exist which is not allowed for the "update" action.
[error]	S36_stoich component does not exist which is not allowed for the "update" action.
[error]	S37_stoich component does not exist which is not allowed for the "update" action.
[error]	S38_stoich component does not exist which is not allowed for the "update" action.
[error]	S39_stoich component does not exist which is not allowed for the "update" action.
[error]	S40_stoich component does not exist which is not allowed for the "update" action.
[error]	S41_stoich component does not exist which is not allowed for the "update" action.
[error]	S42_stoich component does not exist which is not allowed for the "update" action.
[error]	S43_stoich component does not exist which is not allowed for the "update" action.
[error]	S44_stoich component does not exist which is not allowed for the "update" action.
[error]	S45_stoich component does not exist which is not allowed for the "update" action.
[error]	S46_stoich component does not exist which is not allowed for the "update" action.
[error]	S47_stoich component does not exist which is not allowed for the "update" action.
[error]	S48_stoich component does not exist which is not allowed for the "update" action.
[error]	S49_stoich component does not exist which is not allowed for the "update" action.
[error]	S50_stoich component does not exist which is not allowed for the "update" action.
[error]	S51_stoich component does not exist which is not allowed for the "update" action.
[info]	Platform hash: 217bad7087fc018acac72b4b53034c440b1763ba6f5b20d34063732ff80fa8a6
[info]	Setting references in elements, total length 197

 +-------------------------------------------------------------------+ 
 | Internal "Heta compiler" error, contact the developers.           | 
 | Create an issue: https://github.com/hetalang/heta-compiler/issues | 
 | or mail to: dev@insysbio.com                                      | 
 +-------------------------------------------------------------------+ 


TypeError: Cannot read properties of undefined (reading 'length')
    at /home/runner/work/heta-compiler/heta-compiler/src/core/function-def.js:119:65
    at Array.forEach (<anonymous>)
    at Container.classes.FunctionDef.bind (/home/runner/work/heta-compiler/heta-compiler/src/core/function-def.js:107:31)
    at /home/runner/work/heta-compiler/heta-compiler/src/container/main.js:188:48
    at Map.forEach (<anonymous>)
    at Container.knitMany (/home/runner/work/heta-compiler/heta-compiler/src/container/main.js:188:29)
    at Builder.run (/home/runner/work/heta-compiler/heta-compiler/src/builder/index.js:158:22)
    at main (/home/runner/work/heta-compiler/heta-compiler/bin/heta-build.js:135:5)
    at Object.<anonymous> (/home/runner/work/heta-compiler/heta-compiler/bin/heta-build.js:168:3)
    at Module._compile (node:internal/modules/cjs/loader:1929:14)
