Running compilation in directory "/home/runner/work/heta-compiler/heta-compiler/fcts-run/node_modules/@hetalang/format-conversion-test-suite"...

No declaration file, running with defaults...

[info]	Heta compiler v0.12.1 is initialized for the platform "undefined"
[info]	Reading module of type "heta" from file "results/l3v2/01447/input.heta"...
[info]	Reading module of type "sbml" from file "cases/semantic/01447/01447-sbml-l3v2.xml"...
[error]	A_sr1 component does not exist which is not allowed for the "update" action.
[error]	A_sr2 component does not exist which is not allowed for the "update" action.
[error]	B_sr1 component does not exist which is not allowed for the "update" action.
[error]	B_sr2 component does not exist which is not allowed for the "update" action.
[error]	_E0 id should be string of type ID, but have "_E0"
	- {"id":"_E0","aux":{},"class":"DSwitcher","trigger":"t >=  5 "}
[error]	A_sr1 component does not exist which is not allowed for the "update" action.
[error]	A_sr2 component does not exist which is not allowed for the "update" action.
[error]	B_sr1 component does not exist which is not allowed for the "update" action.
[error]	B_sr2 component does not exist which is not allowed for the "update" action.
[info]	Platform hash: 89d7963d5e03ab617128ca8c0bf2670bfb5b8bc14846aaeb90980678a458245b
[info]	Setting references in elements, total length 97
[info]	Checking for circular references in Records.
[warn]	Units checking and export were skipped because of errors in compilation.
Compilation ERROR! See logs.

