Running compilation in directory "/home/runner/work/heta-compiler/heta-compiler/fcts-run/node_modules/@hetalang/format-conversion-test-suite"...

No declaration file, running with defaults...

[info]	Heta compiler v0.12.2 is initialized for the platform "undefined"
[info]	Reading module of type "heta" from file "results/l3v1/01494/input.heta"...
[info]	Reading module of type "sbml" from file "cases/semantic/01494/01494-sbml-l3v1.xml"...
[error]	Function math "my_lt" should be a numeric expression.
[error]	Function math "my_gt" should be a numeric expression.
[error]	Function math "my_leq" should be a numeric expression.
[error]	Function math "my_geq" should be a numeric expression.
[error]	Function math "my_eq" should be a numeric expression.
[info]	Platform hash: 4aa2e93ec97b8b1bfe4925519d5e8e0909d7474e7f7ba8adb9e1b1f5d5d5fbe8
[info]	Setting references in elements, total length 95
[error]	FunctionDef "my_lt" is not found as expected here: P1 { math: undefined };
[error]	FunctionDef "my_gt" is not found as expected here: P2 { math: undefined };
[error]	FunctionDef "my_leq" is not found as expected here: P3 { math: undefined };
[error]	FunctionDef "my_geq" is not found as expected here: P4 { math: undefined };
[error]	FunctionDef "my_eq" is not found as expected here: P5 { math: undefined };
[info]	Checking for circular references in Records.
[warn]	Units checking and export were skipped because of errors in compilation.
Compilation ERROR! See logs.

