Running compilation in directory "/home/runner/work/heta-compiler/heta-compiler/fcts-run/node_modules/@hetalang/format-conversion-test-suite"...

No declaration file, running with defaults...

[info]	Heta compiler v0.12.2 is initialized for the platform "undefined"
[info]	Reading module of type "heta" from file "results/l3v2/01486/input.heta"...
[info]	Reading module of type "sbml" from file "cases/semantic/01486/01486-sbml-l3v2.xml"...
[error]	Function math "implies" should be a numeric expression.
[error]	Function math "my_gt" should be a numeric expression.
[error]	Function math "my_geq" should be a numeric expression.
[error]	Function math "my_lt" should be a numeric expression.
[error]	Function math "my_leq" should be a numeric expression.
[error]	Function math "my_eq" should be a numeric expression.
[error]	Function math "my_neq" should be a numeric expression.
[error]	Function math "my_and" should be a numeric expression.
[error]	Function math "my_or" should be a numeric expression.
[error]	Function math "my_xor" should be a numeric expression.
[error]	Function math "my_not" should be a numeric expression.
[info]	Platform hash: bdaf0bf57603b4bab32da80e29b77d2a87d133a20aee663f79498c3dd907e206
[info]	Setting references in elements, total length 139
[error]	FunctionDef "my_gt" is not found as expected here: P3 { math: undefined };
[error]	FunctionDef "my_geq" is not found as expected here: P4 { math: undefined };
[error]	FunctionDef "my_lt" is not found as expected here: P5 { math: undefined };
[error]	FunctionDef "my_leq" is not found as expected here: P6 { math: undefined };
[error]	FunctionDef "my_eq" is not found as expected here: P7 { math: undefined };
[error]	FunctionDef "my_neq" is not found as expected here: P8 { math: undefined };
[error]	FunctionDef "my_and" is not found as expected here: P10 { math: undefined };
[error]	FunctionDef "my_or" is not found as expected here: P11 { math: undefined };
[error]	FunctionDef "my_xor" is not found as expected here: P12 { math: undefined };
[error]	FunctionDef "my_not" is not found as expected here: P13 { math: undefined };
[info]	Checking for circular references in Records.
[warn]	Units checking and export were skipped because of errors in compilation.
Compilation ERROR! See logs.

