Running compilation in directory "/home/runner/work/heta-compiler/heta-compiler/fcts-run/node_modules/@hetalang/format-conversion-test-suite"...

No declaration file, running with defaults...

[info]	Heta compiler v0.13.0-beta.0 is initialized for the platform "undefined"
[info]	Reading module of type "heta" from file "results/l3v1/01516/input.heta"...
[info]	Reading module of type "sbml" from file "cases/semantic/01516/01516-sbml-l3v1.xml"...
[error]	P2_sr component does not exist which is not allowed for the "update" action.
[error]	P3_sr component does not exist which is not allowed for the "update" action.
[error]	P4_sr component does not exist which is not allowed for the "update" action.
[error]	P5_sr component does not exist which is not allowed for the "update" action.
[error]	P6_sr component does not exist which is not allowed for the "update" action.
[error]	P7_sr component does not exist which is not allowed for the "update" action.
[error]	P8_sr component does not exist which is not allowed for the "update" action.
[error]	P9_sr component does not exist which is not allowed for the "update" action.
[error]	P10_sr component does not exist which is not allowed for the "update" action.
[error]	P11_sr component does not exist which is not allowed for the "update" action.
[error]	P12_sr component does not exist which is not allowed for the "update" action.
[error]	P13_sr component does not exist which is not allowed for the "update" action.
[error]	P14_sr component does not exist which is not allowed for the "update" action.
[error]	P15_sr component does not exist which is not allowed for the "update" action.
[error]	P16_sr component does not exist which is not allowed for the "update" action.
[error]	P17_sr component does not exist which is not allowed for the "update" action.
[error]	P18_sr component does not exist which is not allowed for the "update" action.
[error]	P19_sr component does not exist which is not allowed for the "update" action.
[error]	P20_sr component does not exist which is not allowed for the "update" action.
[error]	P21_sr component does not exist which is not allowed for the "update" action.
[error]	P22_sr component does not exist which is not allowed for the "update" action.
[error]	P23_sr component does not exist which is not allowed for the "update" action.
[error]	P24_sr component does not exist which is not allowed for the "update" action.
[error]	P25_sr component does not exist which is not allowed for the "update" action.
[error]	P26_sr component does not exist which is not allowed for the "update" action.
[error]	P27_sr component does not exist which is not allowed for the "update" action.
[error]	P28_sr component does not exist which is not allowed for the "update" action.
[error]	P29_sr component does not exist which is not allowed for the "update" action.
[error]	P30_sr component does not exist which is not allowed for the "update" action.
[error]	P31_sr component does not exist which is not allowed for the "update" action.
[error]	P32_sr component does not exist which is not allowed for the "update" action.
[error]	P33_sr component does not exist which is not allowed for the "update" action.
[error]	P34_sr component does not exist which is not allowed for the "update" action.
[error]	P35_sr component does not exist which is not allowed for the "update" action.
[error]	P36_sr component does not exist which is not allowed for the "update" action.
[error]	P37_sr component does not exist which is not allowed for the "update" action.
[error]	P38_sr component does not exist which is not allowed for the "update" action.
[error]	P39_sr component does not exist which is not allowed for the "update" action.
[info]	Platform hash: 9f6d20b8c1721fa128c6cc295c0c2c4f9d9dd31e4a7132c830fd79cfcb2766e1
[info]	Setting references in elements, total length 133
[info]	Checking for circular references in Records.
[warn]	Units checking and export were skipped because of errors in compilation.
Compilation ERROR! See logs.

