Running compilation in directory "/home/runner/work/heta-compiler/heta-compiler/fcts-run/node_modules/@hetalang/format-conversion-test-suite"...

No declaration file, running with defaults...

[info]	Heta compiler v0.12.1 is initialized for the platform "undefined"
[info]	Reading module of type "heta" from file "results/l3v1/00365/input.heta"...
[info]	Reading module of type "sbml" from file "cases/semantic/00365/00365-sbml-l3v1.xml"...
[error]	Function math "implies" should be a numeric expression.
[info]	Platform hash: 0d7051e7450e655779cf24e2ec6b7b3f109ed84fe1506ba86b0baa985d8f780b
[info]	Setting references in elements, total length 102

 +-------------------------------------------------------------------+ 
 | Internal "Heta compiler" error, contact the developers.           | 
 | Create an issue: https://github.com/hetalang/heta-compiler/issues | 
 | or mail to: dev@insysbio.com                                      | 
 +-------------------------------------------------------------------+ 


TypeError: Cannot read properties of undefined (reading 'length')
    at /home/runner/work/heta-compiler/heta-compiler/src/core/function-def.js:119:65
    at Array.forEach (<anonymous>)
    at Container.classes.FunctionDef.bind (/home/runner/work/heta-compiler/heta-compiler/src/core/function-def.js:107:31)
    at /home/runner/work/heta-compiler/heta-compiler/src/container/main.js:188:48
    at Map.forEach (<anonymous>)
    at Container.knitMany (/home/runner/work/heta-compiler/heta-compiler/src/container/main.js:188:29)
    at Builder.run (/home/runner/work/heta-compiler/heta-compiler/src/builder/index.js:158:22)
    at main (/home/runner/work/heta-compiler/heta-compiler/bin/heta-build.js:135:5)
    at Object.<anonymous> (/home/runner/work/heta-compiler/heta-compiler/bin/heta-build.js:168:3)
    at Module._compile (node:internal/modules/cjs/loader:1929:14)
